// Jest Snapshot v1, https://goo.gl/fbAQLP

exports[`Image List Component should match the Image List  snapshot 1`] = `
<RCTScrollView
  ListFooterComponent={[Function]}
  data={
    Array [
      Object {
        "farm": 66,
        "id": "51443585974",
        "secret": "0e481ab487",
        "server": "65535",
      },
      Object {
        "farm": 66,
        "id": "51442086532",
        "secret": "39646048b3",
        "server": "65535",
      },
      Object {
        "farm": 66,
        "id": "51443091678",
        "secret": "6e5837e79a",
        "server": "65535",
      },
    ]
  }
  getItem={[Function]}
  getItemCount={[Function]}
  horizontal={false}
  keyExtractor={[Function]}
  onContentSizeChange={[Function]}
  onEndReached={[MockFunction]}
  onLayout={[Function]}
  onMomentumScrollBegin={[Function]}
  onMomentumScrollEnd={[Function]}
  onScroll={[Function]}
  onScrollBeginDrag={[Function]}
  onScrollEndDrag={[Function]}
  removeClippedSubviews={false}
  renderItem={[Function]}
  scrollEventThrottle={50}
  stickyHeaderIndices={Array []}
  viewabilityConfigCallbackPairs={Array []}
>
  <View>
    <View
      onLayout={[Function]}
      style={null}
    >
      <View
        style={
          Object {
            "flexDirection": "row",
          }
        }
      >
        <View
          style={
            Array [
              Object {
                "height": "NaNpx",
                "position": "absolute",
                "width": "45%",
              },
            ]
          }
        >
          <ActivityIndicator
            color="#A8A8A8"
            size="small"
            style={
              Array [
                Object {
                  "left": "50%",
                  "marginBottom": 8,
                  "marginLeft": 8,
                  "marginRight": 8,
                  "marginTop": 8,
                  "position": "absolute",
                  "top": "50%",
                  "zIndex": 2,
                },
              ]
            }
          />
          <View
            style={
              Array [
                Object {
                  "alignItems": "center",
                  "backgroundColor": "#F4F4F4",
                  "height": "NaNpx",
                  "justifyContent": "center",
                  "marginBottom": 8,
                  "marginLeft": 8,
                  "marginRight": 8,
                  "marginTop": 8,
                  "position": "absolute",
                  "width": "45%",
                },
              ]
            }
          >
            <View
              style={
                Array [
                  Object {
                    "overflow": "hidden",
                  },
                  Array [
                    Object {
                      "height": "NaNpx",
                      "marginBottom": 8,
                      "marginLeft": 8,
                      "marginRight": 8,
                      "marginTop": 8,
                      "resizeMode": "cover",
                      "width": "45%",
                    },
                    Object {
                      "position": "absolute",
                    },
                  ],
                ]
              }
            >
              <FastImageView
                resizeMode="cover"
                source={
                  Object {
                    "uri": "https://farm66.static.flickr.com/65535/51443585974_0e481ab487.jpg",
                  }
                }
                style={
                  Object {
                    "bottom": 0,
                    "left": 0,
                    "position": "absolute",
                    "right": 0,
                    "top": 0,
                  }
                }
              />
            </View>
          </View>
        </View>
        <View
          style={
            Array [
              Object {
                "overflow": "hidden",
              },
              Array [
                Object {
                  "height": "NaNpx",
                  "marginBottom": 8,
                  "marginLeft": 8,
                  "marginRight": 8,
                  "marginTop": 8,
                  "resizeMode": "cover",
                  "width": "45%",
                },
              ],
            ]
          }
        >
          <FastImageView
            onFastImageLoad={[Function]}
            onFastImageLoadStart={[Function]}
            resizeMode="cover"
            source={
              Object {
                "uri": "https://farm66.static.flickr.com/65535/51443585974_0e481ab487.jpg",
              }
            }
            style={
              Object {
                "bottom": 0,
                "left": 0,
                "position": "absolute",
                "right": 0,
                "top": 0,
              }
            }
          />
        </View>
        <View
          style={
            Array [
              Object {
                "height": "NaNpx",
                "position": "absolute",
                "width": "45%",
              },
            ]
          }
        >
          <ActivityIndicator
            color="#A8A8A8"
            size="small"
            style={
              Array [
                Object {
                  "left": "50%",
                  "marginBottom": 8,
                  "marginLeft": 8,
                  "marginRight": 8,
                  "marginTop": 8,
                  "position": "absolute",
                  "top": "50%",
                  "zIndex": 2,
                },
              ]
            }
          />
          <View
            style={
              Array [
                Object {
                  "alignItems": "center",
                  "backgroundColor": "#F4F4F4",
                  "height": "NaNpx",
                  "justifyContent": "center",
                  "marginBottom": 8,
                  "marginLeft": 8,
                  "marginRight": 8,
                  "marginTop": 8,
                  "position": "absolute",
                  "width": "45%",
                },
              ]
            }
          >
            <View
              style={
                Array [
                  Object {
                    "overflow": "hidden",
                  },
                  Array [
                    Object {
                      "height": "NaNpx",
                      "marginBottom": 8,
                      "marginLeft": 8,
                      "marginRight": 8,
                      "marginTop": 8,
                      "resizeMode": "cover",
                      "width": "45%",
                    },
                    Object {
                      "position": "absolute",
                    },
                  ],
                ]
              }
            >
              <FastImageView
                resizeMode="cover"
                source={
                  Object {
                    "uri": "https://farm66.static.flickr.com/65535/51442086532_39646048b3.jpg",
                  }
                }
                style={
                  Object {
                    "bottom": 0,
                    "left": 0,
                    "position": "absolute",
                    "right": 0,
                    "top": 0,
                  }
                }
              />
            </View>
          </View>
        </View>
        <View
          style={
            Array [
              Object {
                "overflow": "hidden",
              },
              Array [
                Object {
                  "height": "NaNpx",
                  "marginBottom": 8,
                  "marginLeft": 8,
                  "marginRight": 8,
                  "marginTop": 8,
                  "resizeMode": "cover",
                  "width": "45%",
                },
              ],
            ]
          }
        >
          <FastImageView
            onFastImageLoad={[Function]}
            onFastImageLoadStart={[Function]}
            resizeMode="cover"
            source={
              Object {
                "uri": "https://farm66.static.flickr.com/65535/51442086532_39646048b3.jpg",
              }
            }
            style={
              Object {
                "bottom": 0,
                "left": 0,
                "position": "absolute",
                "right": 0,
                "top": 0,
              }
            }
          />
        </View>
      </View>
    </View>
    <View
      onLayout={[Function]}
      style={null}
    >
      <View
        style={
          Object {
            "flexDirection": "row",
          }
        }
      >
        <View
          style={
            Array [
              Object {
                "height": "NaNpx",
                "position": "absolute",
                "width": "45%",
              },
            ]
          }
        >
          <ActivityIndicator
            color="#A8A8A8"
            size="small"
            style={
              Array [
                Object {
                  "left": "50%",
                  "marginBottom": 8,
                  "marginLeft": 8,
                  "marginRight": 8,
                  "marginTop": 8,
                  "position": "absolute",
                  "top": "50%",
                  "zIndex": 2,
                },
              ]
            }
          />
          <View
            style={
              Array [
                Object {
                  "alignItems": "center",
                  "backgroundColor": "#F4F4F4",
                  "height": "NaNpx",
                  "justifyContent": "center",
                  "marginBottom": 8,
                  "marginLeft": 8,
                  "marginRight": 8,
                  "marginTop": 8,
                  "position": "absolute",
                  "width": "45%",
                },
              ]
            }
          >
            <View
              style={
                Array [
                  Object {
                    "overflow": "hidden",
                  },
                  Array [
                    Object {
                      "height": "NaNpx",
                      "marginBottom": 8,
                      "marginLeft": 8,
                      "marginRight": 8,
                      "marginTop": 8,
                      "resizeMode": "cover",
                      "width": "45%",
                    },
                    Object {
                      "position": "absolute",
                    },
                  ],
                ]
              }
            >
              <FastImageView
                resizeMode="cover"
                source={
                  Object {
                    "uri": "https://farm66.static.flickr.com/65535/51443091678_6e5837e79a.jpg",
                  }
                }
                style={
                  Object {
                    "bottom": 0,
                    "left": 0,
                    "position": "absolute",
                    "right": 0,
                    "top": 0,
                  }
                }
              />
            </View>
          </View>
        </View>
        <View
          style={
            Array [
              Object {
                "overflow": "hidden",
              },
              Array [
                Object {
                  "height": "NaNpx",
                  "marginBottom": 8,
                  "marginLeft": 8,
                  "marginRight": 8,
                  "marginTop": 8,
                  "resizeMode": "cover",
                  "width": "45%",
                },
              ],
            ]
          }
        >
          <FastImageView
            onFastImageLoad={[Function]}
            onFastImageLoadStart={[Function]}
            resizeMode="cover"
            source={
              Object {
                "uri": "https://farm66.static.flickr.com/65535/51443091678_6e5837e79a.jpg",
              }
            }
            style={
              Object {
                "bottom": 0,
                "left": 0,
                "position": "absolute",
                "right": 0,
                "top": 0,
              }
            }
          />
        </View>
      </View>
    </View>
    <View
      onLayout={[Function]}
    >
      <ActivityIndicator
        size="small"
      />
    </View>
  </View>
</RCTScrollView>
`;
