// Jest Snapshot v1, https://goo.gl/fbAQLP

exports[`SearchInput Component should match the Search Input snapshot 1`] = `
<View
  style={
    Array [
      Object {
        "flexDirection": "row",
        "justifyContent": "space-between",
        "marginBottom": 8,
        "marginLeft": 8,
        "marginRight": 8,
        "marginTop": 8,
      },
    ]
  }
>
  <TextInput
    onChangeText={[Function]}
    placeholder="Type something"
    style={
      Array [
        Object {
          "borderColor": "#E5E5E5",
          "borderStyle": "solid",
          "borderWidth": 1,
          "paddingBottom": 8,
          "paddingLeft": 8,
          "paddingRight": 8,
          "paddingTop": 8,
          "width": "NaNpx",
        },
      ]
    }
    value="cat"
  />
  <View
    style={
      Array [
        Object {
          "alignItems": "center",
          "alignSelf": "center",
          "backgroundColor": "aliceblue",
          "justifyContent": "center",
        },
      ]
    }
  >
    <ActivityIndicator
      size="small"
      style={
        Array [
          Object {
            "alignSelf": "center",
            "justifyContent": "center",
          },
        ]
      }
    />
  </View>
</View>
`;
