// Jest Snapshot v1, https://goo.gl/fbAQLP

exports[`Spinner Component should match the Spinner snapshot 1`] = `
<ActivityIndicator
  size="small"
/>
`;
